============================= test session starts =============================
platform win32 -- Python 3.11.9, pytest-9.0.2, pluggy-1.6.0
rootdir: C:\Users\adiha\162 demencje w schemacie 369
configfile: pytest.ini
plugins: anyio-4.12.1, cov-7.1.0
collected 21 items

tests\test_scout.py .....................                                [100%]

============================= 21 passed in 1.26s ==============================
